Unity Editor version:    2022.3.62f3c1 (1623fc0bbb97)
Branch:                  2022.3/china_unity/release
Build type:              Release
Batch mode:              YES
macOS version:           Version 26.4 (Build 25E246)
Darwin version:          25.4.0
Architecture:            arm64
Running under Rosetta:   NO
Available memory:        16384 MB
[Licensing::Module] Trying to connect to existing licensing client channel...
[Licensing::IpcConnector] Successfully connected to: "LicenseClient-ra" at "2026-06-09T16:39:22.689125Z"
[Licensing::Client] Code 10 while verifying Licensing Client signature (process Id: 66679, path: "/Applications/Unity Hub 2.app/Contents/Frameworks/UnityLicensingClient_V1.app/Contents/MacOS/Unity.Licensing.Client")
[Licensing::Module] LicensingClient has failed validation; ignoring
[Licensing::Client] Handshaking with LicensingClient:
  Version:                 1.17.4+4293ba1
  Session Id:              a7d05a38dee84a1bb4ec6b405c4b06f3
  Correlation Id:          55898510e937bf8f2e575f20211d3625
  External correlation Id: 2357522310138450542
  Machine Id:              u4cZby2zR4CGTg73CWNM8nixFic=
[Licensing::Module] Successfully connected to LicensingClient on channel: "LicenseClient-ra" (connect: 0.00s, validation: 0.01s, handshake: 0.35s)
[Licensing::IpcConnector] Successfully connected to: "LicenseClient-ra-notifications" at "2026-06-09T16:39:23.05425Z"
[Licensing::Module] Error: Access token is unavailable; failed to update
[Licensing::Client] Successfully updated license
[Licensing::Client] Successfully resolved entitlement details
[Licensing::Module] Serial number assigned to: "F4-JRRB-ZFWV-GAKJ-KES5-XXXX"
[Licensing::Module] Serial number assigned to: "ewogICJzdWJzR3JvdXAiIDogInVuaXR5IGVkaXRvciIsCiAgIm5hbWVzcGFjZSIgOiAidW5pdHlfZWRpdG9yIiwKICAidHlwZSIgOiAiRURJVE9SIiwKICAidGFnIiA6ICJVbml0eVBlcnNvbmFsXXXX"
Pro License: NO
[Licensing::Client] Successfully resolved entitlement details
[Licensing::Module] Serial number assigned to: "F4-JRRB-ZFWV-GAKJ-KES5-XXXX"
[Licensing::Module] Serial number assigned to: "ewogICJzdWJzR3JvdXAiIDogInVuaXR5IGVkaXRvciIsCiAgIm5hbWVzcGFjZSIgOiAidW5pdHlfZWRpdG9yIiwKICAidHlwZSIgOiAiRURJVE9SIiwKICAidGFnIiA6ICJVbml0eVBlcnNvbmFsXXXX"
Launching external process: /Applications/Unity/Hub/Editor/2022.3.62f3c1/Unity.app/Contents/Resources/PackageManager/Server/UnityPackageManager

COMMAND LINE ARGUMENTS:
/Applications/Unity/Hub/Editor/2022.3.62f3c1/Unity.app/Contents/MacOS/Unity
-quit
-batchmode
-projectPath
.
-executeMethod
FixKelpLeafPrefab.Do
-logFile
fixprefab.log
Successfully changed project path to: /Users/ra/Documents/Cementery
/Users/ra/Documents/Cementery
It looks like another Unity instance is running with this project open.

Multiple Unity instances cannot open the same project.

Project: /Users/ra/Documents/Cementery
Fatal Error! It looks like another Unity instance is running with this project open.

Multiple Unity instances cannot open the same project.

Project: /Users/ra/Documents/Cementery
[Package Manager] Server::Kill -- Server was shutdown
